// Jest Snapshot v1, https://goo.gl/fbAQLP

exports[`<ListOfPhotoCards /> should render correctly with data 1`] = `ShallowWrapper {}`;

exports[`<ListOfPhotoCards /> should render correctly with no data 1`] = `ShallowWrapper {}`;
